TestObj(0)::~TestObj()
TestObj(0)::TestObj()
TestObj(101)::~TestObj()
TestObj(101)::TestObj()
TestObj(102)::~TestObj()
TestObj(102)::TestObj()
TestObj(104)::~TestObj()
TestObj(104)::TestObj()
TestObj(105)::~TestObj()
TestObj(105)::TestObj()
TestObj(107)::~TestObj()
TestObj(107)::TestObj()
TestObj(108)::~TestObj()
TestObj(108)::TestObj()
TestObj(110)::~TestObj()
TestObj(110)::TestObj()
TestObj(111)::~TestObj()
TestObj(111)::TestObj()
TestObj(113)::~TestObj()
TestObj(113)::TestObj()
TestObj(114)::~TestObj()
TestObj(114)::TestObj()
TestObj(116)::~TestObj()
TestObj(116)::TestObj()
TestObj(117)::~TestObj()
TestObj(117)::TestObj()
TestObj(119)::~TestObj()
TestObj(119)::TestObj()
TestObj(11)::~TestObj()
TestObj(11)::TestObj()
TestObj(120)::~TestObj()
TestObj(120)::TestObj()
TestObj(122)::~TestObj()
TestObj(122)::TestObj()
TestObj(123)::~TestObj()
TestObj(123)::TestObj()
TestObj(125)::~TestObj()
TestObj(125)::TestObj()
TestObj(126)::~TestObj()
TestObj(126)::TestObj()
TestObj(128)::~TestObj()
TestObj(128)::TestObj()
TestObj(129)::~TestObj()
TestObj(129)::TestObj()
TestObj(12)::~TestObj()
TestObj(12)::TestObj()
TestObj(131)::~TestObj()
TestObj(131)::TestObj()
TestObj(132)::~TestObj()
TestObj(132)::TestObj()
TestObj(134)::~TestObj()
TestObj(134)::TestObj()
TestObj(135)::~TestObj()
TestObj(135)::TestObj()
TestObj(137)::~TestObj()
TestObj(137)::TestObj()
TestObj(138)::~TestObj()
TestObj(138)::TestObj()
TestObj(140)::~TestObj()
TestObj(140)::TestObj()
TestObj(141)::~TestObj()
TestObj(141)::TestObj()
TestObj(143)::~TestObj()
TestObj(143)::TestObj()
TestObj(144)::~TestObj()
TestObj(144)::TestObj()
TestObj(146)::~TestObj()
TestObj(146)::TestObj()
TestObj(147)::~TestObj()
TestObj(147)::TestObj()
TestObj(149)::~TestObj()
TestObj(149)::TestObj()
TestObj(14)::~TestObj()
TestObj(14)::TestObj()
TestObj(150)::~TestObj()
TestObj(150)::TestObj()
TestObj(152)::~TestObj()
TestObj(152)::TestObj()
TestObj(153)::~TestObj()
TestObj(153)::TestObj()
TestObj(155)::~TestObj()
TestObj(155)::TestObj()
TestObj(156)::~TestObj()
TestObj(156)::TestObj()
TestObj(158)::~TestObj()
TestObj(158)::TestObj()
TestObj(159)::~TestObj()
TestObj(159)::TestObj()
TestObj(15)::~TestObj()
TestObj(15)::TestObj()
TestObj(161)::~TestObj()
TestObj(161)::TestObj()
TestObj(162)::~TestObj()
TestObj(162)::TestObj()
TestObj(164)::~TestObj()
TestObj(164)::TestObj()
TestObj(165)::~TestObj()
TestObj(165)::TestObj()
TestObj(167)::~TestObj()
TestObj(167)::TestObj()
TestObj(168)::~TestObj()
TestObj(168)::TestObj()
TestObj(170)::~TestObj()
TestObj(170)::TestObj()
TestObj(171)::~TestObj()
TestObj(171)::TestObj()
TestObj(173)::~TestObj()
TestObj(173)::TestObj()
TestObj(174)::~TestObj()
TestObj(174)::TestObj()
TestObj(176)::~TestObj()
TestObj(176)::TestObj()
TestObj(177)::~TestObj()
TestObj(177)::TestObj()
TestObj(179)::~TestObj()
TestObj(179)::TestObj()
TestObj(17)::~TestObj()
TestObj(17)::TestObj()
TestObj(180)::~TestObj()
TestObj(180)::TestObj()
TestObj(182)::~TestObj()
TestObj(182)::TestObj()
TestObj(183)::~TestObj()
TestObj(183)::TestObj()
TestObj(185)::~TestObj()
TestObj(185)::TestObj()
TestObj(186)::~TestObj()
TestObj(186)::TestObj()
TestObj(188)::~TestObj()
TestObj(188)::TestObj()
TestObj(189)::~TestObj()
TestObj(189)::TestObj()
TestObj(18)::~TestObj()
TestObj(18)::TestObj()
TestObj(191)::~TestObj()
TestObj(191)::TestObj()
TestObj(192)::~TestObj()
TestObj(192)::TestObj()
TestObj(194)::~TestObj()
TestObj(194)::TestObj()
TestObj(195)::~TestObj()
TestObj(195)::TestObj()
TestObj(197)::~TestObj()
TestObj(197)::TestObj()
TestObj(198)::~TestObj()
TestObj(198)::TestObj()
TestObj(200)::~TestObj()
TestObj(200)::TestObj()
TestObj(201)::~TestObj()
TestObj(201)::TestObj()
TestObj(203)::~TestObj()
TestObj(203)::TestObj()
TestObj(204)::~TestObj()
TestObj(204)::TestObj()
TestObj(206)::~TestObj()
TestObj(206)::TestObj()
TestObj(207)::~TestObj()
TestObj(207)::TestObj()
TestObj(209)::~TestObj()
TestObj(209)::TestObj()
TestObj(20)::~TestObj()
TestObj(20)::TestObj()
TestObj(210)::~TestObj()
TestObj(210)::TestObj()
TestObj(212)::~TestObj()
TestObj(212)::TestObj()
TestObj(213)::~TestObj()
TestObj(213)::TestObj()
TestObj(215)::~TestObj()
TestObj(215)::TestObj()
TestObj(216)::~TestObj()
TestObj(216)::TestObj()
TestObj(218)::~TestObj()
TestObj(218)::TestObj()
TestObj(219)::~TestObj()
TestObj(219)::TestObj()
TestObj(21)::~TestObj()
TestObj(21)::TestObj()
TestObj(221)::~TestObj()
TestObj(221)::TestObj()
TestObj(222)::~TestObj()
TestObj(222)::TestObj()
TestObj(224)::~TestObj()
TestObj(224)::TestObj()
TestObj(225)::~TestObj()
TestObj(225)::TestObj()
TestObj(227)::~TestObj()
TestObj(227)::TestObj()
TestObj(228)::~TestObj()
TestObj(228)::TestObj()
TestObj(230)::~TestObj()
TestObj(230)::TestObj()
TestObj(231)::~TestObj()
TestObj(231)::TestObj()
TestObj(233)::~TestObj()
TestObj(233)::TestObj()
TestObj(234)::~TestObj()
TestObj(234)::TestObj()
TestObj(236)::~TestObj()
TestObj(236)::TestObj()
TestObj(237)::~TestObj()
TestObj(237)::TestObj()
TestObj(239)::~TestObj()
TestObj(239)::TestObj()
TestObj(23)::~TestObj()
TestObj(23)::TestObj()
TestObj(240)::~TestObj()
TestObj(240)::TestObj()
TestObj(242)::~TestObj()
TestObj(242)::TestObj()
TestObj(243)::~TestObj()
TestObj(243)::TestObj()
TestObj(245)::~TestObj()
TestObj(245)::TestObj()
TestObj(246)::~TestObj()
TestObj(246)::TestObj()
TestObj(248)::~TestObj()
TestObj(248)::TestObj()
TestObj(249)::~TestObj()
TestObj(249)::TestObj()
TestObj(24)::~TestObj()
TestObj(24)::TestObj()
TestObj(251)::~TestObj()
TestObj(251)::TestObj()
TestObj(252)::~TestObj()
TestObj(252)::TestObj()
TestObj(254)::~TestObj()
TestObj(254)::TestObj()
TestObj(255)::~TestObj()
TestObj(255)::TestObj()
TestObj(257)::~TestObj()
TestObj(257)::TestObj()
TestObj(258)::~TestObj()
TestObj(258)::TestObj()
TestObj(260)::~TestObj()
TestObj(260)::TestObj()
TestObj(261)::~TestObj()
TestObj(261)::TestObj()
TestObj(263)::~TestObj()
TestObj(263)::TestObj()
TestObj(264)::~TestObj()
TestObj(264)::TestObj()
TestObj(266)::~TestObj()
TestObj(266)::TestObj()
TestObj(267)::~TestObj()
TestObj(267)::TestObj()
TestObj(269)::~TestObj()
TestObj(269)::TestObj()
TestObj(26)::~TestObj()
TestObj(26)::TestObj()
TestObj(270)::~TestObj()
TestObj(270)::TestObj()
TestObj(272)::~TestObj()
TestObj(272)::TestObj()
TestObj(273)::~TestObj()
TestObj(273)::TestObj()
TestObj(275)::~TestObj()
TestObj(275)::TestObj()
TestObj(276)::~TestObj()
TestObj(276)::TestObj()
TestObj(278)::~TestObj()
TestObj(278)::TestObj()
TestObj(279)::~TestObj()
TestObj(279)::TestObj()
TestObj(27)::~TestObj()
TestObj(27)::TestObj()
TestObj(281)::~TestObj()
TestObj(281)::TestObj()
TestObj(282)::~TestObj()
TestObj(282)::TestObj()
TestObj(284)::~TestObj()
TestObj(284)::TestObj()
TestObj(285)::~TestObj()
TestObj(285)::TestObj()
TestObj(287)::~TestObj()
TestObj(287)::TestObj()
TestObj(288)::~TestObj()
TestObj(288)::TestObj()
TestObj(290)::~TestObj()
TestObj(290)::TestObj()
TestObj(291)::~TestObj()
TestObj(291)::TestObj()
TestObj(293)::~TestObj()
TestObj(293)::TestObj()
TestObj(294)::~TestObj()
TestObj(294)::TestObj()
TestObj(296)::~TestObj()
TestObj(296)::TestObj()
TestObj(297)::~TestObj()
TestObj(297)::TestObj()
TestObj(299)::~TestObj()
TestObj(299)::TestObj()
TestObj(29)::~TestObj()
TestObj(29)::TestObj()
TestObj(2)::~TestObj()
TestObj(2)::TestObj()
TestObj(30)::~TestObj()
TestObj(30)::TestObj()
TestObj(32)::~TestObj()
TestObj(32)::TestObj()
TestObj(33)::~TestObj()
TestObj(33)::TestObj()
TestObj(35)::~TestObj()
TestObj(35)::TestObj()
TestObj(36)::~TestObj()
TestObj(36)::TestObj()
TestObj(38)::~TestObj()
TestObj(38)::TestObj()
TestObj(39)::~TestObj()
TestObj(39)::TestObj()
TestObj(3)::~TestObj()
TestObj(3)::TestObj()
TestObj(41)::~TestObj()
TestObj(41)::TestObj()
TestObj(42)::~TestObj()
TestObj(42)::TestObj()
TestObj(44)::~TestObj()
TestObj(44)::TestObj()
TestObj(45)::~TestObj()
TestObj(45)::TestObj()
TestObj(47)::~TestObj()
TestObj(47)::TestObj()
TestObj(48)::~TestObj()
TestObj(48)::TestObj()
TestObj(50)::~TestObj()
TestObj(50)::TestObj()
TestObj(51)::~TestObj()
TestObj(51)::TestObj()
TestObj(53)::~TestObj()
TestObj(53)::TestObj()
TestObj(54)::~TestObj()
TestObj(54)::TestObj()
TestObj(56)::~TestObj()
TestObj(56)::TestObj()
TestObj(57)::~TestObj()
TestObj(57)::TestObj()
TestObj(59)::~TestObj()
TestObj(59)::TestObj()
TestObj(5)::~TestObj()
TestObj(5)::TestObj()
TestObj(60)::~TestObj()
TestObj(60)::TestObj()
TestObj(62)::~TestObj()
TestObj(62)::TestObj()
TestObj(63)::~TestObj()
TestObj(63)::TestObj()
TestObj(65)::~TestObj()
TestObj(65)::TestObj()
TestObj(66)::~TestObj()
TestObj(66)::TestObj()
TestObj(68)::~TestObj()
TestObj(68)::TestObj()
TestObj(69)::~TestObj()
TestObj(69)::TestObj()
TestObj(6)::~TestObj()
TestObj(6)::TestObj()
TestObj(71)::~TestObj()
TestObj(71)::TestObj()
TestObj(72)::~TestObj()
TestObj(72)::TestObj()
TestObj(74)::~TestObj()
TestObj(74)::TestObj()
TestObj(75)::~TestObj()
TestObj(75)::TestObj()
TestObj(77)::~TestObj()
TestObj(77)::TestObj()
TestObj(78)::~TestObj()
TestObj(78)::TestObj()
TestObj(80)::~TestObj()
TestObj(80)::TestObj()
TestObj(81)::~TestObj()
TestObj(81)::TestObj()
TestObj(83)::~TestObj()
TestObj(83)::TestObj()
TestObj(84)::~TestObj()
TestObj(84)::TestObj()
TestObj(86)::~TestObj()
TestObj(86)::TestObj()
TestObj(87)::~TestObj()
TestObj(87)::TestObj()
TestObj(89)::~TestObj()
TestObj(89)::TestObj()
TestObj(8)::~TestObj()
TestObj(8)::TestObj()
TestObj(90)::~TestObj()
TestObj(90)::TestObj()
TestObj(92)::~TestObj()
TestObj(92)::TestObj()
TestObj(93)::~TestObj()
TestObj(93)::TestObj()
TestObj(95)::~TestObj()
TestObj(95)::TestObj()
TestObj(96)::~TestObj()
TestObj(96)::TestObj()
TestObj(98)::~TestObj()
TestObj(98)::TestObj()
TestObj(99)::~TestObj()
TestObj(99)::TestObj()
TestObj(9)::~TestObj()
TestObj(9)::TestObj()
